program 1.1.0 ((\fix1 ->
                  (\y ->
                     (\go ->
                        (\foldr ->
                           (\id ->
                              (\`$fShowBuiltinByteString_$cshowsPrec` ->
                                 (\x ->
                                    (\s ->
                                       (\toHex ->
                                          (\`$fEnumBool_$cenumFromTo` ->
                                             (\go ->
                                                (\go ->
                                                   (\concatBuiltinStrings ->
                                                      (\`$fShowInteger_$cshow` ->
                                                         (\a ->
                                                            (\c ->
                                                               (\d ->
                                                                  (\showsPrec ->
                                                                     (\`$fShowInteger` ->
                                                                        (\e ->
                                                                           multiplyInteger
                                                                             (force trace
                                                                                (concatBuiltinStrings
                                                                                   (constr 1 [ "("
                                                                                             , (showsPrec
                                                                                                  `$fShowInteger`
                                                                                                  0
                                                                                                  a
                                                                                                  (constr 1 [ ","
                                                                                                            , (showsPrec
                                                                                                                 `$fShowInteger`
                                                                                                                 0
                                                                                                                 a
                                                                                                                 (constr 1 [ ","
                                                                                                                           , (showsPrec
                                                                                                                                `$fShowInteger`
                                                                                                                                0
                                                                                                                                c
                                                                                                                                (constr 1 [ ","
                                                                                                                                          , (showsPrec
                                                                                                                                               `$fShowInteger`
                                                                                                                                               0
                                                                                                                                               d
                                                                                                                                               (constr 1 [ ","
                                                                                                                                                         , (showsPrec
                                                                                                                                                              `$fShowInteger`
                                                                                                                                                              0
                                                                                                                                                              e
                                                                                                                                                              (constr 1 [ ")"
                                                                                                                                                                        , (constr 0 [  ]) ])) ])) ])) ])) ])) ]))
                                                                                e)
                                                                             2)
                                                                          (force trace
                                                                             (concatBuiltinStrings
                                                                                ((\showElem ->
                                                                                    constr 1 [ "["
                                                                                             , (showElem
                                                                                                  a
                                                                                                  (force (force (foldr
                                                                                                                   (delay (\x ->
                                                                                                                             x))))
                                                                                                     (\a
                                                                                                       acc
                                                                                                       eta ->
                                                                                                        constr 1 [ ","
                                                                                                                 , (showElem
                                                                                                                      a
                                                                                                                      (acc
                                                                                                                         eta)) ])
                                                                                                     id
                                                                                                     (constr 1 [ a
                                                                                                               , (constr 1 [ c
                                                                                                                           , (constr 1 [ d
                                                                                                                                       , (constr 0 [  ]) ]) ]) ])
                                                                                                     (constr 1 [ "]"
                                                                                                               , (constr 0 [  ]) ]))) ])
                                                                                   (showsPrec
                                                                                      `$fShowInteger`
                                                                                      0)))
                                                                             d))
                                                                       (constr 0 [ `$fShowBuiltinByteString_$cshowsPrec`
                                                                                 , `$fShowInteger_$cshow` ]))
                                                                    (\v ->
                                                                       case v [ (\v
                                                                                  v ->
                                                                                   v) ]))
                                                                 (force trace
                                                                    (case (force ifThenElse
                                                                             (lessThanEqualsInteger
                                                                                c
                                                                                0)
                                                                             (constr 1 [  ])
                                                                             (constr 0 [  ])) [ "True"
                                                                                              , "False" ])
                                                                    c))
                                                              (force trace
                                                                 (concatBuiltinStrings
                                                                    ((\len ->
                                                                        force (force (foldr
                                                                                        (delay (\x ->
                                                                                                  x))))
                                                                          (\i
                                                                            acc
                                                                            eta ->
                                                                             (\x
                                                                               eta ->
                                                                                (\f ->
                                                                                   (\g ->
                                                                                      f
                                                                                        (g
                                                                                           eta))
                                                                                     (toHex
                                                                                        (modInteger
                                                                                           x
                                                                                           16)))
                                                                                  (toHex
                                                                                     (divideInteger
                                                                                        x
                                                                                        16)))
                                                                               (indexByteString
                                                                                  s
                                                                                  i)
                                                                               (acc
                                                                                  eta))
                                                                          id
                                                                          (`$fEnumBool_$cenumFromTo`
                                                                             0
                                                                             (subtractInteger
                                                                                len
                                                                                1)))
                                                                       (lengthOfByteString
                                                                          s)
                                                                       (constr 0 [  ])))
                                                                 a))
                                                           (force trace
                                                              (`$fShowInteger_$cshow`
                                                                 x)
                                                              x))
                                                        (\x ->
                                                           concatBuiltinStrings
                                                             (`$fShowBuiltinByteString_$cshowsPrec`
                                                                0
                                                                x
                                                                (constr 0 []))))
                                                     (fix1
                                                        (\concatBuiltinStrings
                                                          ds ->
                                                           case ds [ ""
                                                                   , (\x
                                                                       ds ->
                                                                        force (case ds [ (delay x)
                                                                                       , (\ipv
                                                                                           ipv ->
                                                                                            delay (case ((\n ->
                                                                                                            (\xs ->
                                                                                                               (\b ->
                                                                                                                  force (case (force ifThenElse
                                                                                                                                 b
                                                                                                                                 (constr 0 [  ])
                                                                                                                                 (constr 1 [  ])) [ (delay (constr 0 [ (constr 0 [  ])
                                                                                                                                                                     , xs ]))
                                                                                                                                                  , (delay (force (go
                                                                                                                                                                     (delay (\x ->
                                                                                                                                                                               x)))
                                                                                                                                                              n
                                                                                                                                                              xs)) ]))
                                                                                                                 (lessThanEqualsInteger
                                                                                                                    n
                                                                                                                    0))
                                                                                                              (constr 1 [ x
                                                                                                                        , ds ]))
                                                                                                           (go
                                                                                                              (constr 1 [ x
                                                                                                                        , ds ])
                                                                                                              0)) [ (\ipv
                                                                                                                      ipv ->
                                                                                                                       appendString
                                                                                                                         (concatBuiltinStrings
                                                                                                                            ipv)
                                                                                                                         (concatBuiltinStrings
                                                                                                                            ipv)) ])) ])) ])))
                                                  (fix1
                                                     (\go
                                                       ds
                                                       eta ->
                                                        force (case ds [ (delay (divideInteger
                                                                                   eta
                                                                                   2))
                                                                       , (\x
                                                                           xs ->
                                                                            delay (go
                                                                                     xs
                                                                                     (addInteger
                                                                                        eta
                                                                                        1))) ]))))
                                               (fix1
                                                  (\go
                                                    arg ->
                                                     delay (\ds
                                                             ds ->
                                                              force (case ds [ (delay (constr 0 [ (constr 0 [  ])
                                                                                                , (constr 0 [  ]) ]))
                                                                             , (\y
                                                                                 ys ->
                                                                                  delay ((\b ->
                                                                                            force (case (force ifThenElse
                                                                                                           b
                                                                                                           (constr 0 [  ])
                                                                                                           (constr 1 [  ])) [ (delay (constr 0 [ (constr 1 [ y
                                                                                                                                                           , (constr 0 [  ]) ])
                                                                                                                                               , ys ]))
                                                                                                                            , (delay (case (force (go
                                                                                                                                                     (delay (\x ->
                                                                                                                                                               x)))
                                                                                                                                              (subtractInteger
                                                                                                                                                 ds
                                                                                                                                                 1)
                                                                                                                                              ys) [ (\zs
                                                                                                                                                      ws ->
                                                                                                                                                       constr 0 [ (constr 1 [ y
                                                                                                                                                                            , zs ])
                                                                                                                                                                , ws ]) ])) ]))
                                                                                           (equalsInteger
                                                                                              ds
                                                                                              1))) ])))))
                                            (fix1
                                               (\`$fEnumBool_$cenumFromTo`
                                                 x
                                                 y ->
                                                  force (case (force ifThenElse
                                                                 (lessThanEqualsInteger
                                                                    x
                                                                    y)
                                                                 (constr 1 [])
                                                                 (constr 0 [  ])) [ (delay (constr 0 [  ]))
                                                                                  , (delay (constr 1 [ x
                                                                                                     , (`$fEnumBool_$cenumFromTo`
                                                                                                          (addInteger
                                                                                                             x
                                                                                                             1)
                                                                                                          y) ])) ]))))
                                         (\x ->
                                            (\b ->
                                               force (case (force ifThenElse
                                                              b
                                                              (constr 0 [])
                                                              (constr 1 [  ])) [ (delay (`$fShowBuiltinByteString_$cshowsPrec`
                                                                                           0
                                                                                           x))
                                                                               , (delay ((\b ->
                                                                                            force (case (force ifThenElse
                                                                                                           b
                                                                                                           (constr 0 [  ])
                                                                                                           (constr 1 [  ])) [ (delay (\ds ->
                                                                                                                                        constr 1 [ "a"
                                                                                                                                                 , ds ]))
                                                                                                                            , (delay ((\b ->
                                                                                                                                         force (case (force ifThenElse
                                                                                                                                                        b
                                                                                                                                                        (constr 0 [  ])
                                                                                                                                                        (constr 1 [  ])) [ (delay (\ds ->
                                                                                                                                                                                     constr 1 [ "b"
                                                                                                                                                                                              , ds ]))
                                                                                                                                                                         , (delay ((\b ->
                                                                                                                                                                                      force (case (force ifThenElse
                                                                                                                                                                                                     b
                                                                                                                                                                                                     (constr 0 [  ])
                                                                                                                                                                                                     (constr 1 [  ])) [ (delay (\ds ->
                                                                                                                                                                                                                                  constr 1 [ "c"
                                                                                                                                                                                                                                           , ds ]))
                                                                                                                                                                                                                      , (delay ((\b ->
                                                                                                                                                                                                                                   force (case (force ifThenElse
                                                                                                                                                                                                                                                  b
                                                                                                                                                                                                                                                  (constr 0 [  ])
                                                                                                                                                                                                                                                  (constr 1 [  ])) [ (delay (\ds ->
                                                                                                                                                                                                                                                                               constr 1 [ "d"
                                                                                                                                                                                                                                                                                        , ds ]))
                                                                                                                                                                                                                                                                   , (delay ((\b ->
                                                                                                                                                                                                                                                                                force (case (force ifThenElse
                                                                                                                                                                                                                                                                                               b
                                                                                                                                                                                                                                                                                               (constr 0 [  ])
                                                                                                                                                                                                                                                                                               (constr 1 [  ])) [ (delay (\ds ->
                                                                                                                                                                                                                                                                                                                            constr 1 [ "e"
                                                                                                                                                                                                                                                                                                                                     , ds ]))
                                                                                                                                                                                                                                                                                                                , (delay ((\b ->
                                                                                                                                                                                                                                                                                                                             case (force ifThenElse
                                                                                                                                                                                                                                                                                                                                     b
                                                                                                                                                                                                                                                                                                                                     (constr 0 [  ])
                                                                                                                                                                                                                                                                                                                                     (constr 1 [  ])) [ (\ds ->
                                                                                                                                                                                                                                                                                                                                                           constr 1 [ "f"
                                                                                                                                                                                                                                                                                                                                                                    , ds ])
                                                                                                                                                                                                                                                                                                                                                      , (\ds ->
                                                                                                                                                                                                                                                                                                                                                           constr 1 [ "<invalid byte>"
                                                                                                                                                                                                                                                                                                                                                                    , ds ]) ])
                                                                                                                                                                                                                                                                                                                            (equalsInteger
                                                                                                                                                                                                                                                                                                                               x
                                                                                                                                                                                                                                                                                                                               15))) ]))
                                                                                                                                                                                                                                                                               (equalsInteger
                                                                                                                                                                                                                                                                                  x
                                                                                                                                                                                                                                                                                  14))) ]))
                                                                                                                                                                                                                                  (equalsInteger
                                                                                                                                                                                                                                     x
                                                                                                                                                                                                                                     13))) ]))
                                                                                                                                                                                     (equalsInteger
                                                                                                                                                                                        x
                                                                                                                                                                                        12))) ]))
                                                                                                                                        (equalsInteger
                                                                                                                                           x
                                                                                                                                           11))) ]))
                                                                                           (equalsInteger
                                                                                              x
                                                                                              10))) ]))
                                              (lessThanEqualsInteger x 9)))
                                      #5468697320697320616e206578616d706c65)
                                   -1234567890)
                                (fix1
                                   (\`$fShowBuiltinByteString_$cshowsPrec`
                                     p
                                     n ->
                                      (\b ->
                                         force (case (force ifThenElse
                                                        b
                                                        (constr 0 [])
                                                        (constr 1 [  ])) [ (delay (\eta ->
                                                                                     (\g ->
                                                                                        constr 1 [ "-"
                                                                                                 , (g
                                                                                                      eta) ])
                                                                                       (`$fShowBuiltinByteString_$cshowsPrec`
                                                                                          p
                                                                                          (subtractInteger
                                                                                             0
                                                                                             n))))
                                                                         , (delay (force (force (foldr
                                                                                                   (delay (\x ->
                                                                                                             x))))
                                                                                     (\digit
                                                                                       acc
                                                                                       eta ->
                                                                                        constr 1 [ ((\b ->
                                                                                                       force (case (force ifThenElse
                                                                                                                      b
                                                                                                                      (constr 0 [  ])
                                                                                                                      (constr 1 [  ])) [ (delay "0")
                                                                                                                                       , (delay ((\b ->
                                                                                                                                                    force (case (force ifThenElse
                                                                                                                                                                   b
                                                                                                                                                                   (constr 0 [  ])
                                                                                                                                                                   (constr 1 [  ])) [ (delay "1")
                                                                                                                                                                                    , (delay ((\b ->
                                                                                                                                                                                                 force (case (force ifThenElse
                                                                                                                                                                                                                b
                                                                                                                                                                                                                (constr 0 [  ])
                                                                                                                                                                                                                (constr 1 [  ])) [ (delay "2")
                                                                                                                                                                                                                                 , (delay ((\b ->
                                                                                                                                                                                                                                              force (case (force ifThenElse
                                                                                                                                                                                                                                                             b
                                                                                                                                                                                                                                                             (constr 0 [  ])
                                                                                                                                                                                                                                                             (constr 1 [  ])) [ (delay "3")
                                                                                                                                                                                                                                                                              , (delay ((\b ->
                                                                                                                                                                                                                                                                                           force (case (force ifThenElse
                                                                                                                                                                                                                                                                                                          b
                                                                                                                                                                                                                                                                                                          (constr 0 [  ])
                                                                                                                                                                                                                                                                                                          (constr 1 [  ])) [ (delay "4")
                                                                                                                                                                                                                                                                                                                           , (delay ((\b ->
                                                                                                                                                                                                                                                                                                                                        force (case (force ifThenElse
                                                                                                                                                                                                                                                                                                                                                       b
                                                                                                                                                                                                                                                                                                                                                       (constr 0 [  ])
                                                                                                                                                                                                                                                                                                                                                       (constr 1 [  ])) [ (delay "5")
                                                                                                                                                                                                                                                                                                                                                                        , (delay ((\b ->
                                                                                                                                                                                                                                                                                                                                                                                     force (case (force ifThenElse
                                                                                                                                                                                                                                                                                                                                                                                                    b
                                                                                                                                                                                                                                                                                                                                                                                                    (constr 0 [  ])
                                                                                                                                                                                                                                                                                                                                                                                                    (constr 1 [  ])) [ (delay "6")
                                                                                                                                                                                                                                                                                                                                                                                                                     , (delay ((\b ->
                                                                                                                                                                                                                                                                                                                                                                                                                                  force (case (force ifThenElse
                                                                                                                                                                                                                                                                                                                                                                                                                                                 b
                                                                                                                                                                                                                                                                                                                                                                                                                                                 (constr 0 [  ])
                                                                                                                                                                                                                                                                                                                                                                                                                                                 (constr 1 [  ])) [ (delay "7")
                                                                                                                                                                                                                                                                                                                                                                                                                                                                  , (delay ((\b ->
                                                                                                                                                                                                                                                                                                                                                                                                                                                                               force (case (force ifThenElse
                                                                                                                                                                                                                                                                                                                                                                                                                                                                                              b
                                                                                                                                                                                                                                                                                                                                                                                                                                                                                              (constr 0 [  ])
                                                                                                                                                                                                                                                                                                                                                                                                                                                                                              (constr 1 [  ])) [ (delay "8")
                                                                                                                                                                                                                                                                                                                                                                                                                                                                                                               , (delay ((\b ->
                                                                                                                                                                                                                                                                                                                                                                                                                                                                                                                            case (force ifThenElse
                                                                                                                                                                                                                                                                                                                                                                                                                                                                                                                                    b
                                                                                                                                                                                                                                                                                                                                                                                                                                                                                                                                    (constr 0 [  ])
                                                                                                                                                                                                                                                                                                                                                                                                                                                                                                                                    (constr 1 [  ])) [ "9"
                                                                                                                                                                                                                                                                                                                                                                                                                                                                                                                                                     , "<invalid digit>" ])
                                                                                                                                                                                                                                                                                                                                                                                                                                                                                                                           (equalsInteger
                                                                                                                                                                                                                                                                                                                                                                                                                                                                                                                              digit
                                                                                                                                                                                                                                                                                                                                                                                                                                                                                                                              9))) ]))
                                                                                                                                                                                                                                                                                                                                                                                                                                                                              (equalsInteger
                                                                                                                                                                                                                                                                                                                                                                                                                                                                                 digit
                                                                                                                                                                                                                                                                                                                                                                                                                                                                                 8))) ]))
                                                                                                                                                                                                                                                                                                                                                                                                                                 (equalsInteger
                                                                                                                                                                                                                                                                                                                                                                                                                                    digit
                                                                                                                                                                                                                                                                                                                                                                                                                                    7))) ]))
                                                                                                                                                                                                                                                                                                                                                                                    (equalsInteger
                                                                                                                                                                                                                                                                                                                                                                                       digit
                                                                                                                                                                                                                                                                                                                                                                                       6))) ]))
                                                                                                                                                                                                                                                                                                                                       (equalsInteger
                                                                                                                                                                                                                                                                                                                                          digit
                                                                                                                                                                                                                                                                                                                                          5))) ]))
                                                                                                                                                                                                                                                                                          (equalsInteger
                                                                                                                                                                                                                                                                                             digit
                                                                                                                                                                                                                                                                                             4))) ]))
                                                                                                                                                                                                                                             (equalsInteger
                                                                                                                                                                                                                                                digit
                                                                                                                                                                                                                                                3))) ]))
                                                                                                                                                                                                (equalsInteger
                                                                                                                                                                                                   digit
                                                                                                                                                                                                   2))) ]))
                                                                                                                                                   (equalsInteger
                                                                                                                                                      digit
                                                                                                                                                      1))) ]))
                                                                                                      (equalsInteger
                                                                                                         digit
                                                                                                         0))
                                                                                                 , (acc
                                                                                                      eta) ])
                                                                                     id
                                                                                     (go
                                                                                        (constr 0 [  ])
                                                                                        n))) ]))
                                        (lessThanInteger n 0))))
                             (\x -> x))
                          (fix1
                             (\foldr
                               arg ->
                                delay (delay (\f
                                               acc
                                               l ->
                                                force (case l [ (delay acc)
                                                              , (\x
                                                                  xs ->
                                                                   delay (f
                                                                            x
                                                                            (force (force (foldr
                                                                                             (delay (\x ->
                                                                                                       x))))
                                                                               f
                                                                               acc
                                                                               xs))) ]))))))
                       (fix1
                          (\go
                            acc
                            n ->
                             (\x ->
                                (\b ->
                                   force (case (force ifThenElse
                                                  b
                                                  (constr 0 [])
                                                  (constr 1 [  ])) [ (delay (constr 1 [ (remainderInteger
                                                                                           n
                                                                                           y)
                                                                                      , acc ]))
                                                                   , (delay (go
                                                                               (constr 1 [ (remainderInteger
                                                                                              n
                                                                                              y)
                                                                                         , acc ])
                                                                               x)) ]))
                                  (equalsInteger x 0))
                               (quotientInteger n y))))
                    10)
                 (\f -> (\s -> s s) (\s x -> f (s s) x)))